
  .   ____          _            __ _ _
 /\\ / ___'_ __ _ _(_)_ __  __ _ \ \ \ \
( ( )\___ | '_ | '_| | '_ \/ _` | \ \ \ \
 \\/  ___)| |_)| | | | | || (_| |  ) ) ) )
  '  |____| .__|_| |_|_| |_\__, | / / / /
 =========|_|==============|___/=/_/_/_/

 :: Spring Boot ::                (v3.3.6)

2025-06-18T03:49:07.600Z  INFO 21458 --- [focusboard] [           main] org.focusboard.FocusboardApplication     : Starting FocusboardApplication v0.0.1-SNAPSHOT using Java 17.0.15 with PID 21458 (/workspace/focusboard_project/target/focusboard-0.0.1-SNAPSHOT.jar started by root in /workspace/focusboard_project)
2025-06-18T03:49:07.603Z  INFO 21458 --- [focusboard] [           main] org.focusboard.FocusboardApplication     : No active profile set, falling back to 1 default profile: "default"
2025-06-18T03:49:08.383Z  INFO 21458 --- [focusboard] [           main] .s.d.r.c.RepositoryConfigurationDelegate : Bootstrapping Spring Data JPA repositories in DEFAULT mode.
2025-06-18T03:49:08.449Z  INFO 21458 --- [focusboard] [           main] .s.d.r.c.RepositoryConfigurationDelegate : Finished Spring Data repository scanning in 50 ms. Found 3 JPA repository interfaces.
2025-06-18T03:49:09.009Z  INFO 21458 --- [focusboard] [           main] o.s.b.w.embedded.tomcat.TomcatWebServer  : Tomcat initialized with port 12000 (http)
2025-06-18T03:49:09.020Z  INFO 21458 --- [focusboard] [           main] o.apache.catalina.core.StandardService   : Starting service [Tomcat]
2025-06-18T03:49:09.020Z  INFO 21458 --- [focusboard] [           main] o.apache.catalina.core.StandardEngine    : Starting Servlet engine: [Apache Tomcat/10.1.33]
2025-06-18T03:49:09.059Z  INFO 21458 --- [focusboard] [           main] o.a.c.c.C.[Tomcat].[localhost].[/]       : Initializing Spring embedded WebApplicationContext
2025-06-18T03:49:09.061Z  INFO 21458 --- [focusboard] [           main] w.s.c.ServletWebServerApplicationContext : Root WebApplicationContext: initialization completed in 1409 ms
2025-06-18T03:49:09.259Z  INFO 21458 --- [focusboard] [           main] o.hibernate.jpa.internal.util.LogHelper  : HHH000204: Processing PersistenceUnitInfo [name: default]
2025-06-18T03:49:09.305Z  INFO 21458 --- [focusboard] [           main] org.hibernate.Version                    : HHH000412: Hibernate ORM core version 6.5.3.Final
2025-06-18T03:49:09.335Z  INFO 21458 --- [focusboard] [           main] o.h.c.internal.RegionFactoryInitiator    : HHH000026: Second-level cache disabled
2025-06-18T03:49:09.630Z  INFO 21458 --- [focusboard] [           main] o.s.o.j.p.SpringPersistenceUnitInfo      : No LoadTimeWeaver setup: ignoring JPA class transformer
2025-06-18T03:49:09.665Z  INFO 21458 --- [focusboard] [           main] com.zaxxer.hikari.HikariDataSource       : HikariPool-1 - Starting...
2025-06-18T03:49:09.839Z  INFO 21458 --- [focusboard] [           main] com.zaxxer.hikari.pool.HikariPool        : HikariPool-1 - Added connection com.mysql.cj.jdbc.ConnectionImpl@601f264d
2025-06-18T03:49:09.841Z  INFO 21458 --- [focusboard] [           main] com.zaxxer.hikari.HikariDataSource       : HikariPool-1 - Start completed.
2025-06-18T03:49:09.862Z  WARN 21458 --- [focusboard] [           main] org.hibernate.orm.deprecation            : HHH90000025: MySQL8Dialect does not need to be specified explicitly using 'hibernate.dialect' (remove the property setting and it will be selected by default)
2025-06-18T03:49:09.863Z  WARN 21458 --- [focusboard] [           main] org.hibernate.orm.deprecation            : HHH90000026: MySQL8Dialect has been deprecated; use org.hibernate.dialect.MySQLDialect instead
2025-06-18T03:49:10.747Z  INFO 21458 --- [focusboard] [           main] o.h.e.t.j.p.i.JtaPlatformInitiator       : HHH000489: No JTA platform available (set 'hibernate.transaction.jta.platform' to enable JTA platform integration)
2025-06-18T03:49:10.840Z  INFO 21458 --- [focusboard] [           main] j.LocalContainerEntityManagerFactoryBean : Initialized JPA EntityManagerFactory for persistence unit 'default'
2025-06-18T03:49:11.258Z  WARN 21458 --- [focusboard] [           main] JpaBaseConfiguration$JpaWebConfiguration : spring.jpa.open-in-view is enabled by default. Therefore, database queries may be performed during view rendering. Explicitly configure spring.jpa.open-in-view to disable this warning
2025-06-18T03:49:11.385Z  INFO 21458 --- [focusboard] [           main] o.s.b.a.w.s.WelcomePageHandlerMapping    : Adding welcome page template: index
2025-06-18T03:49:12.495Z  INFO 21458 --- [focusboard] [           main] o.s.b.w.embedded.tomcat.TomcatWebServer  : Tomcat started on port 12000 (http) with context path '/'
2025-06-18T03:49:12.511Z  INFO 21458 --- [focusboard] [           main] org.focusboard.FocusboardApplication     : Started FocusboardApplication in 5.309 seconds (process running for 5.781)
2025-06-18T03:49:12.636Z DEBUG 21458 --- [focusboard] [           main] org.hibernate.SQL                        : select um1_0.id,um1_0.email,um1_0.otp,um1_0.otp_expiry,um1_0.password,um1_0.role,um1_0.username from user_model um1_0 where um1_0.email=?
Hibernate: select um1_0.id,um1_0.email,um1_0.otp,um1_0.otp_expiry,um1_0.password,um1_0.role,um1_0.username from user_model um1_0 where um1_0.email=?
2025-06-18T03:56:39.736Z  INFO 21458 --- [focusboard] [.0-12000-exec-1] o.a.c.c.C.[Tomcat].[localhost].[/]       : Initializing Spring DispatcherServlet 'dispatcherServlet'
2025-06-18T03:56:39.736Z  INFO 21458 --- [focusboard] [.0-12000-exec-1] o.s.web.servlet.DispatcherServlet        : Initializing Servlet 'dispatcherServlet'
2025-06-18T03:56:39.737Z  INFO 21458 --- [focusboard] [.0-12000-exec-1] o.s.web.servlet.DispatcherServlet        : Completed initialization in 1 ms
appName: focusboard
2025-06-18T03:57:58.931Z DEBUG 21458 --- [focusboard] [.0-12000-exec-9] org.hibernate.SQL                        : select um1_0.id,um1_0.email,um1_0.otp,um1_0.otp_expiry,um1_0.password,um1_0.role,um1_0.username from user_model um1_0 where um1_0.email=?
Hibernate: select um1_0.id,um1_0.email,um1_0.otp,um1_0.otp_expiry,um1_0.password,um1_0.role,um1_0.username from user_model um1_0 where um1_0.email=?
2025-06-18T03:57:59.390Z DEBUG 21458 --- [focusboard] [0-12000-exec-10] org.hibernate.SQL                        : select tm1_0.id,tm1_0.created_by,tm1_0.description,tm1_0.project_id,tm1_0.status,tm1_0.title from task_model tm1_0
Hibernate: select tm1_0.id,tm1_0.created_by,tm1_0.description,tm1_0.project_id,tm1_0.status,tm1_0.title from task_model tm1_0
2025-06-18T03:58:44.152Z DEBUG 21458 --- [focusboard] [.0-12000-exec-3] org.hibernate.SQL                        : insert into task_model (created_by,description,project_id,status,title) values (?,?,?,?,?)
Hibernate: insert into task_model (created_by,description,project_id,status,title) values (?,?,?,?,?)
2025-06-18T03:58:44.470Z DEBUG 21458 --- [focusboard] [.0-12000-exec-4] org.hibernate.SQL                        : select tm1_0.id,tm1_0.created_by,tm1_0.description,tm1_0.project_id,tm1_0.status,tm1_0.title from task_model tm1_0
Hibernate: select tm1_0.id,tm1_0.created_by,tm1_0.description,tm1_0.project_id,tm1_0.status,tm1_0.title from task_model tm1_0
appName: focusboard
2025-06-18T04:05:23.044Z DEBUG 21458 --- [focusboard] [.0-12000-exec-4] org.hibernate.SQL                        : select um1_0.id,um1_0.email,um1_0.otp,um1_0.otp_expiry,um1_0.password,um1_0.role,um1_0.username from user_model um1_0 where um1_0.email=?
Hibernate: select um1_0.id,um1_0.email,um1_0.otp,um1_0.otp_expiry,um1_0.password,um1_0.role,um1_0.username from user_model um1_0 where um1_0.email=?
